- - - - - - - - - - - - - - - - - - - - - -
| o o o o o o o o o o o o o o o x x x x x c
| x x x x x x x x x x o o o o o x       x c
|           x o o o o o o o o o x x x x x c
|           x o o o o o o o o o o o o o o c
- - - - - - - - - - - - - - - - - - - - - -
